{
'project:css/forbiddenProperties.css':[
6,
8,
],
'project:css/forbiddenUrl.css':[
3,
7,
9,
10,
],
}
