{
'project:scss/interpolatedProperties.scss':[
8,
10,
],
}
