{
'project:css/forbiddenProperties.css':[
8,
],
'project:css/forbiddenUrl.css':[
3,
9,
],
}
