{
'project:less/interpolatedProperties.less':[
8,
10,
],
}
